2025-02-11 13:19:17,217 [Worker-2: Loading available Gradle versions] INFO  o.e.b.c.i.u.g.PublishedGradleVersions - Gradle version information cache is not available. Remote download required.
2025-02-11 13:20:13,314 [Worker-2: Importing Maven projects] INFO  o.e.m.c.i.l.LifecycleMappingFactory - Using org.eclipse.m2e.jdt.JarLifecycleMapping lifecycle mapping for MavenProject: com.Campwithus:CampwithUs:0.0.1-SNAPSHOT @ C:\Users\HP\Desktop\FinalBackEnd\CampwithUs\pom.xml.
2025-02-11 13:20:39,850 [Worker-2: Importing Maven projects] INFO  o.e.m.j.i.AbstractJavaProjectConfigurator - Adding source folder /CampwithUs/src/main/java
2025-02-11 13:20:39,856 [Worker-2: Importing Maven projects] INFO  o.e.m.j.i.AbstractJavaProjectConfigurator - Adding resource folder /CampwithUs/src/main/resources
2025-02-11 13:20:39,858 [Worker-2: Importing Maven projects] INFO  o.e.m.j.i.AbstractJavaProjectConfigurator - Adding resource folder /CampwithUs/src/main/resources
2025-02-11 13:20:39,860 [Worker-2: Importing Maven projects] INFO  o.e.m.j.i.AbstractJavaProjectConfigurator - Adding source folder /CampwithUs/src/test/java
2025-02-11 13:20:39,869 [Worker-2: Importing Maven projects] INFO  o.e.m.j.i.AbstractJavaProjectConfigurator - Adding resource folder /CampwithUs/src/test/resources
2025-02-11 13:20:41,147 [Worker-2: Importing Maven projects] INFO  o.e.m.c.i.p.ProjectConfigurationManager - Imported and configured 1 project(s) in 49 sec
2025-02-11 13:20:41,510 [Worker-10: Updating Maven Project] INFO  o.e.m.c.i.p.ProjectConfigurationManager - Update started
2025-02-11 13:20:42,585 [Worker-10: Updating Maven Project] INFO  o.e.m.c.i.l.LifecycleMappingFactory - Using org.eclipse.m2e.jdt.JarLifecycleMapping lifecycle mapping for MavenProject: com.Campwithus:CampwithUs:0.0.1-SNAPSHOT @ C:\Users\HP\Desktop\FinalBackEnd\CampwithUs\pom.xml.
2025-02-11 13:20:44,606 [Worker-10: Updating Maven Project] INFO  o.e.m.j.i.AbstractJavaProjectConfigurator - Adding source folder /CampwithUs/src/main/java
2025-02-11 13:20:44,607 [Worker-10: Updating Maven Project] INFO  o.e.m.j.i.AbstractJavaProjectConfigurator - Adding resource folder /CampwithUs/src/main/resources
2025-02-11 13:20:44,610 [Worker-10: Updating Maven Project] INFO  o.e.m.j.i.AbstractJavaProjectConfigurator - Adding resource folder /CampwithUs/src/main/resources
2025-02-11 13:20:44,611 [Worker-10: Updating Maven Project] INFO  o.e.m.j.i.AbstractJavaProjectConfigurator - Adding source folder /CampwithUs/src/test/java
2025-02-11 13:20:44,612 [Worker-10: Updating Maven Project] INFO  o.e.m.j.i.AbstractJavaProjectConfigurator - Adding resource folder /CampwithUs/src/test/resources
2025-02-11 13:20:45,944 [Worker-10: Updating Maven Project] INFO  o.e.m.c.i.p.ProjectConfigurationManager - Update completed for 1 poms: local refresh takes 0.00 sec, refresh facades takes 2.00 sec, update config takes 0.00 sec 
2025-02-11 13:20:49,301 [Worker-9: Building] INFO  o.a.m.s.f.DefaultMavenResourcesFiltering - Copying 1 resource from src\main\resources to target\classes
2025-02-11 13:20:49,358 [Worker-9: Building] INFO  o.a.m.s.f.DefaultMavenResourcesFiltering - Copying 0 resource from src\main\resources to target\classes
2025-02-11 13:20:49,371 [Worker-9: Building] INFO  o.a.m.s.f.DefaultMavenResourcesFiltering - skip non existing resourceDirectory C:\Users\HP\Desktop\FinalBackEnd\CampwithUs\src\test\resources
2025-02-11 13:21:20,200 [Worker-7: Updating Maven Project] INFO  o.e.m.c.i.p.ProjectConfigurationManager - Update started
2025-02-11 13:21:20,982 [Worker-7: Updating Maven Project] INFO  o.e.m.c.i.l.LifecycleMappingFactory - Using org.eclipse.m2e.jdt.JarLifecycleMapping lifecycle mapping for MavenProject: com.Campwithus:CampwithUs:0.0.1-SNAPSHOT @ C:\Users\HP\Desktop\FinalBackEnd\CampwithUs\pom.xml.
2025-02-11 13:21:22,392 [Worker-7: Updating Maven Project] INFO  o.e.m.j.i.AbstractJavaProjectConfigurator - Adding source folder /CampwithUs/src/main/java
2025-02-11 13:21:22,395 [Worker-7: Updating Maven Project] INFO  o.e.m.j.i.AbstractJavaProjectConfigurator - Adding resource folder /CampwithUs/src/main/resources
2025-02-11 13:21:22,396 [Worker-7: Updating Maven Project] INFO  o.e.m.j.i.AbstractJavaProjectConfigurator - Adding resource folder /CampwithUs/src/main/resources
2025-02-11 13:21:22,397 [Worker-7: Updating Maven Project] INFO  o.e.m.j.i.AbstractJavaProjectConfigurator - Adding source folder /CampwithUs/src/test/java
2025-02-11 13:21:22,399 [Worker-7: Updating Maven Project] INFO  o.e.m.j.i.AbstractJavaProjectConfigurator - Adding resource folder /CampwithUs/src/test/resources
2025-02-11 13:21:23,076 [Worker-7: Updating Maven Project] INFO  o.e.m.c.i.p.ProjectConfigurationManager - Update completed for 1 poms: local refresh takes 0.00 sec, refresh facades takes 2.00 sec, update config takes 0.00 sec 
2025-02-11 13:21:24,282 [Worker-7: Building] INFO  o.a.m.s.f.DefaultMavenResourcesFiltering - Copying 1 resource from src\main\resources to target\classes
2025-02-11 13:21:24,308 [Worker-7: Building] INFO  o.a.m.s.f.DefaultMavenResourcesFiltering - Copying 0 resource from src\main\resources to target\classes
2025-02-11 13:21:24,317 [Worker-7: Building] INFO  o.a.m.s.f.DefaultMavenResourcesFiltering - skip non existing resourceDirectory C:\Users\HP\Desktop\FinalBackEnd\CampwithUs\src\test\resources
2025-02-11 13:21:32,625 [main] INFO  o.e.m2e.actions.ExecutePomAction - Creating new launch configuration
2025-02-11 13:21:44,426 [Worker-8: Launching CampwithUs] INFO  o.eclipse.m2e.core.internal.Bundles - getClasspathEntries(Bundle=org.eclipse.m2e.maven.runtime_3.9.900.20240824-1409 [360])
2025-02-11 13:21:44,444 [Worker-8: Launching CampwithUs] INFO  o.eclipse.m2e.core.internal.Bundles - 	Entry: E:\Advanced JAVA Notes\sts-4.26.0.RELEASE\plugins\org.eclipse.m2e.maven.runtime_3.9.900.20240824-1409
2025-02-11 13:21:44,444 [Worker-8: Launching CampwithUs] INFO  o.eclipse.m2e.core.internal.Bundles - 	Entry: E:\Advanced JAVA Notes\sts-4.26.0.RELEASE\plugins\org.eclipse.m2e.maven.runtime_3.9.900.20240824-1409\jars\aopalliance-1.0.jar
2025-02-11 13:21:44,446 [Worker-8: Launching CampwithUs] INFO  o.eclipse.m2e.core.internal.Bundles - 	Entry: E:\Advanced JAVA Notes\sts-4.26.0.RELEASE\plugins\org.eclipse.m2e.maven.runtime_3.9.900.20240824-1409\jars\guice-5.1.0.jar
2025-02-11 13:21:44,446 [Worker-8: Launching CampwithUs] INFO  o.eclipse.m2e.core.internal.Bundles - 	Entry: E:\Advanced JAVA Notes\sts-4.26.0.RELEASE\plugins\org.eclipse.m2e.maven.runtime_3.9.900.20240824-1409\jars\httpclient-4.5.14.jar
2025-02-11 13:21:44,446 [Worker-8: Launching CampwithUs] INFO  o.eclipse.m2e.core.internal.Bundles - 	Entry: E:\Advanced JAVA Notes\sts-4.26.0.RELEASE\plugins\org.eclipse.m2e.maven.runtime_3.9.900.20240824-1409\jars\httpcore-4.4.16.jar
2025-02-11 13:21:44,446 [Worker-8: Launching CampwithUs] INFO  o.eclipse.m2e.core.internal.Bundles - 	Entry: E:\Advanced JAVA Notes\sts-4.26.0.RELEASE\plugins\org.eclipse.m2e.maven.runtime_3.9.900.20240824-1409\jars\jansi-2.4.1.jar
2025-02-11 13:21:44,446 [Worker-8: Launching CampwithUs] INFO  o.eclipse.m2e.core.internal.Bundles - 	Entry: E:\Advanced JAVA Notes\sts-4.26.0.RELEASE\plugins\org.eclipse.m2e.maven.runtime_3.9.900.20240824-1409\jars\jcl-over-slf4j-1.7.36.jar
2025-02-11 13:21:44,447 [Worker-8: Launching CampwithUs] INFO  o.eclipse.m2e.core.internal.Bundles - 	Entry: E:\Advanced JAVA Notes\sts-4.26.0.RELEASE\plugins\org.eclipse.m2e.maven.runtime_3.9.900.20240824-1409\jars\maven-artifact-3.9.9.jar
2025-02-11 13:21:44,447 [Worker-8: Launching CampwithUs] INFO  o.eclipse.m2e.core.internal.Bundles - 	Entry: E:\Advanced JAVA Notes\sts-4.26.0.RELEASE\plugins\org.eclipse.m2e.maven.runtime_3.9.900.20240824-1409\jars\maven-builder-support-3.9.9.jar
2025-02-11 13:21:44,447 [Worker-8: Launching CampwithUs] INFO  o.eclipse.m2e.core.internal.Bundles - 	Entry: E:\Advanced JAVA Notes\sts-4.26.0.RELEASE\plugins\org.eclipse.m2e.maven.runtime_3.9.900.20240824-1409\jars\maven-compat-3.9.9.jar
2025-02-11 13:21:44,447 [Worker-8: Launching CampwithUs] INFO  o.eclipse.m2e.core.internal.Bundles - 	Entry: E:\Advanced JAVA Notes\sts-4.26.0.RELEASE\plugins\org.eclipse.m2e.maven.runtime_3.9.900.20240824-1409\jars\maven-core-3.9.9.jar
2025-02-11 13:21:44,447 [Worker-8: Launching CampwithUs] INFO  o.eclipse.m2e.core.internal.Bundles - 	Entry: E:\Advanced JAVA Notes\sts-4.26.0.RELEASE\plugins\org.eclipse.m2e.maven.runtime_3.9.900.20240824-1409\jars\maven-embedder-3.9.9.jar
2025-02-11 13:21:44,447 [Worker-8: Launching CampwithUs] INFO  o.eclipse.m2e.core.internal.Bundles - 	Entry: E:\Advanced JAVA Notes\sts-4.26.0.RELEASE\plugins\org.eclipse.m2e.maven.runtime_3.9.900.20240824-1409\jars\maven-model-3.9.9.jar
2025-02-11 13:21:44,448 [Worker-8: Launching CampwithUs] INFO  o.eclipse.m2e.core.internal.Bundles - 	Entry: E:\Advanced JAVA Notes\sts-4.26.0.RELEASE\plugins\org.eclipse.m2e.maven.runtime_3.9.900.20240824-1409\jars\maven-model-builder-3.9.9.jar
2025-02-11 13:21:44,448 [Worker-8: Launching CampwithUs] INFO  o.eclipse.m2e.core.internal.Bundles - 	Entry: E:\Advanced JAVA Notes\sts-4.26.0.RELEASE\plugins\org.eclipse.m2e.maven.runtime_3.9.900.20240824-1409\jars\maven-plugin-api-3.9.9.jar
2025-02-11 13:21:44,448 [Worker-8: Launching CampwithUs] INFO  o.eclipse.m2e.core.internal.Bundles - 	Entry: E:\Advanced JAVA Notes\sts-4.26.0.RELEASE\plugins\org.eclipse.m2e.maven.runtime_3.9.900.20240824-1409\jars\maven-repository-metadata-3.9.9.jar
2025-02-11 13:21:44,448 [Worker-8: Launching CampwithUs] INFO  o.eclipse.m2e.core.internal.Bundles - 	Entry: E:\Advanced JAVA Notes\sts-4.26.0.RELEASE\plugins\org.eclipse.m2e.maven.runtime_3.9.900.20240824-1409\jars\maven-resolver-api-1.9.22.jar
2025-02-11 13:21:44,448 [Worker-8: Launching CampwithUs] INFO  o.eclipse.m2e.core.internal.Bundles - 	Entry: E:\Advanced JAVA Notes\sts-4.26.0.RELEASE\plugins\org.eclipse.m2e.maven.runtime_3.9.900.20240824-1409\jars\maven-resolver-connector-basic-1.9.22.jar
2025-02-11 13:21:44,448 [Worker-8: Launching CampwithUs] INFO  o.eclipse.m2e.core.internal.Bundles - 	Entry: E:\Advanced JAVA Notes\sts-4.26.0.RELEASE\plugins\org.eclipse.m2e.maven.runtime_3.9.900.20240824-1409\jars\maven-resolver-impl-1.9.22.jar
2025-02-11 13:21:44,448 [Worker-8: Launching CampwithUs] INFO  o.eclipse.m2e.core.internal.Bundles - 	Entry: E:\Advanced JAVA Notes\sts-4.26.0.RELEASE\plugins\org.eclipse.m2e.maven.runtime_3.9.900.20240824-1409\jars\maven-resolver-named-locks-1.9.22.jar
2025-02-11 13:21:44,448 [Worker-8: Launching CampwithUs] INFO  o.eclipse.m2e.core.internal.Bundles - 	Entry: E:\Advanced JAVA Notes\sts-4.26.0.RELEASE\plugins\org.eclipse.m2e.maven.runtime_3.9.900.20240824-1409\jars\maven-resolver-provider-3.9.9.jar
2025-02-11 13:21:44,448 [Worker-8: Launching CampwithUs] INFO  o.eclipse.m2e.core.internal.Bundles - 	Entry: E:\Advanced JAVA Notes\sts-4.26.0.RELEASE\plugins\org.eclipse.m2e.maven.runtime_3.9.900.20240824-1409\jars\maven-resolver-spi-1.9.22.jar
2025-02-11 13:21:44,449 [Worker-8: Launching CampwithUs] INFO  o.eclipse.m2e.core.internal.Bundles - 	Entry: E:\Advanced JAVA Notes\sts-4.26.0.RELEASE\plugins\org.eclipse.m2e.maven.runtime_3.9.900.20240824-1409\jars\maven-resolver-transport-file-1.9.22.jar
2025-02-11 13:21:44,449 [Worker-8: Launching CampwithUs] INFO  o.eclipse.m2e.core.internal.Bundles - 	Entry: E:\Advanced JAVA Notes\sts-4.26.0.RELEASE\plugins\org.eclipse.m2e.maven.runtime_3.9.900.20240824-1409\jars\maven-resolver-transport-http-1.9.22.jar
2025-02-11 13:21:44,449 [Worker-8: Launching CampwithUs] INFO  o.eclipse.m2e.core.internal.Bundles - 	Entry: E:\Advanced JAVA Notes\sts-4.26.0.RELEASE\plugins\org.eclipse.m2e.maven.runtime_3.9.900.20240824-1409\jars\maven-resolver-transport-wagon-1.9.22.jar
2025-02-11 13:21:44,449 [Worker-8: Launching CampwithUs] INFO  o.eclipse.m2e.core.internal.Bundles - 	Entry: E:\Advanced JAVA Notes\sts-4.26.0.RELEASE\plugins\org.eclipse.m2e.maven.runtime_3.9.900.20240824-1409\jars\maven-resolver-util-1.9.22.jar
2025-02-11 13:21:44,449 [Worker-8: Launching CampwithUs] INFO  o.eclipse.m2e.core.internal.Bundles - 	Entry: E:\Advanced JAVA Notes\sts-4.26.0.RELEASE\plugins\org.eclipse.m2e.maven.runtime_3.9.900.20240824-1409\jars\maven-settings-3.9.9.jar
2025-02-11 13:21:44,449 [Worker-8: Launching CampwithUs] INFO  o.eclipse.m2e.core.internal.Bundles - 	Entry: E:\Advanced JAVA Notes\sts-4.26.0.RELEASE\plugins\org.eclipse.m2e.maven.runtime_3.9.900.20240824-1409\jars\maven-settings-builder-3.9.9.jar
2025-02-11 13:21:44,449 [Worker-8: Launching CampwithUs] INFO  o.eclipse.m2e.core.internal.Bundles - 	Entry: E:\Advanced JAVA Notes\sts-4.26.0.RELEASE\plugins\org.eclipse.m2e.maven.runtime_3.9.900.20240824-1409\jars\maven-shared-utils-3.4.2.jar
2025-02-11 13:21:44,449 [Worker-8: Launching CampwithUs] INFO  o.eclipse.m2e.core.internal.Bundles - 	Entry: E:\Advanced JAVA Notes\sts-4.26.0.RELEASE\plugins\org.eclipse.m2e.maven.runtime_3.9.900.20240824-1409\jars\org.eclipse.sisu.inject-0.9.0.M3.jar
2025-02-11 13:21:44,450 [Worker-8: Launching CampwithUs] INFO  o.eclipse.m2e.core.internal.Bundles - 	Entry: E:\Advanced JAVA Notes\sts-4.26.0.RELEASE\plugins\org.eclipse.m2e.maven.runtime_3.9.900.20240824-1409\jars\org.eclipse.sisu.plexus-0.9.0.M3.jar
2025-02-11 13:21:44,450 [Worker-8: Launching CampwithUs] INFO  o.eclipse.m2e.core.internal.Bundles - 	Entry: E:\Advanced JAVA Notes\sts-4.26.0.RELEASE\plugins\org.eclipse.m2e.maven.runtime_3.9.900.20240824-1409\jars\plexus-build-api-0.0.7.jar
2025-02-11 13:21:44,450 [Worker-8: Launching CampwithUs] INFO  o.eclipse.m2e.core.internal.Bundles - 	Entry: E:\Advanced JAVA Notes\sts-4.26.0.RELEASE\plugins\org.eclipse.m2e.maven.runtime_3.9.900.20240824-1409\jars\plexus-build-api-1.2.0.jar
2025-02-11 13:21:44,450 [Worker-8: Launching CampwithUs] INFO  o.eclipse.m2e.core.internal.Bundles - 	Entry: E:\Advanced JAVA Notes\sts-4.26.0.RELEASE\plugins\org.eclipse.m2e.maven.runtime_3.9.900.20240824-1409\jars\plexus-cipher-2.0.jar
2025-02-11 13:21:44,450 [Worker-8: Launching CampwithUs] INFO  o.eclipse.m2e.core.internal.Bundles - 	Entry: E:\Advanced JAVA Notes\sts-4.26.0.RELEASE\plugins\org.eclipse.m2e.maven.runtime_3.9.900.20240824-1409\jars\plexus-classworlds-2.8.0.jar
2025-02-11 13:21:44,450 [Worker-8: Launching CampwithUs] INFO  o.eclipse.m2e.core.internal.Bundles - 	Entry: E:\Advanced JAVA Notes\sts-4.26.0.RELEASE\plugins\org.eclipse.m2e.maven.runtime_3.9.900.20240824-1409\jars\plexus-component-annotations-2.1.0.jar
2025-02-11 13:21:44,450 [Worker-8: Launching CampwithUs] INFO  o.eclipse.m2e.core.internal.Bundles - 	Entry: E:\Advanced JAVA Notes\sts-4.26.0.RELEASE\plugins\org.eclipse.m2e.maven.runtime_3.9.900.20240824-1409\jars\plexus-interpolation-1.27.jar
2025-02-11 13:21:44,450 [Worker-8: Launching CampwithUs] INFO  o.eclipse.m2e.core.internal.Bundles - 	Entry: E:\Advanced JAVA Notes\sts-4.26.0.RELEASE\plugins\org.eclipse.m2e.maven.runtime_3.9.900.20240824-1409\jars\plexus-sec-dispatcher-2.0.jar
2025-02-11 13:21:44,450 [Worker-8: Launching CampwithUs] INFO  o.eclipse.m2e.core.internal.Bundles - 	Entry: E:\Advanced JAVA Notes\sts-4.26.0.RELEASE\plugins\org.eclipse.m2e.maven.runtime_3.9.900.20240824-1409\jars\plexus-utils-3.5.1.jar
2025-02-11 13:21:44,451 [Worker-8: Launching CampwithUs] INFO  o.eclipse.m2e.core.internal.Bundles - 	Entry: E:\Advanced JAVA Notes\sts-4.26.0.RELEASE\plugins\org.eclipse.m2e.maven.runtime_3.9.900.20240824-1409\jars\plexus-xml-3.0.1.jar
2025-02-11 13:21:44,451 [Worker-8: Launching CampwithUs] INFO  o.eclipse.m2e.core.internal.Bundles - 	Entry: E:\Advanced JAVA Notes\sts-4.26.0.RELEASE\plugins\org.eclipse.m2e.maven.runtime_3.9.900.20240824-1409\jars\wagon-file-3.5.3.jar
2025-02-11 13:21:44,451 [Worker-8: Launching CampwithUs] INFO  o.eclipse.m2e.core.internal.Bundles - 	Entry: E:\Advanced JAVA Notes\sts-4.26.0.RELEASE\plugins\org.eclipse.m2e.maven.runtime_3.9.900.20240824-1409\jars\wagon-http-3.5.3.jar
2025-02-11 13:21:44,451 [Worker-8: Launching CampwithUs] INFO  o.eclipse.m2e.core.internal.Bundles - 	Entry: E:\Advanced JAVA Notes\sts-4.26.0.RELEASE\plugins\org.eclipse.m2e.maven.runtime_3.9.900.20240824-1409\jars\wagon-http-shared-3.5.3.jar
2025-02-11 13:21:44,451 [Worker-8: Launching CampwithUs] INFO  o.eclipse.m2e.core.internal.Bundles - 	Entry: E:\Advanced JAVA Notes\sts-4.26.0.RELEASE\plugins\org.eclipse.m2e.maven.runtime_3.9.900.20240824-1409\jars\wagon-provider-api-3.5.3.jar
2025-02-11 13:21:44,454 [Worker-8: Launching CampwithUs] INFO  o.eclipse.m2e.core.internal.Bundles - getClasspathEntries(Bundle=com.google.guava_33.3.0.jre [29])
2025-02-11 13:21:44,455 [Worker-8: Launching CampwithUs] INFO  o.eclipse.m2e.core.internal.Bundles - 	Entry: E:\Advanced JAVA Notes\sts-4.26.0.RELEASE\plugins\com.google.guava_33.3.0.jre.jar
2025-02-11 13:21:44,456 [Worker-8: Launching CampwithUs] INFO  o.eclipse.m2e.core.internal.Bundles - getClasspathEntries(Bundle=slf4j.api_2.0.16 [593])
2025-02-11 13:21:44,456 [Worker-8: Launching CampwithUs] INFO  o.eclipse.m2e.core.internal.Bundles - 	Entry: E:\Advanced JAVA Notes\sts-4.26.0.RELEASE\plugins\slf4j.api_2.0.16.jar
2025-02-11 13:21:44,456 [Worker-8: Launching CampwithUs] INFO  o.eclipse.m2e.core.internal.Bundles - getClasspathEntries(Bundle=jakarta.inject.jakarta.inject-api_1.0.5 [45])
2025-02-11 13:21:44,457 [Worker-8: Launching CampwithUs] INFO  o.eclipse.m2e.core.internal.Bundles - 	Entry: E:\Advanced JAVA Notes\sts-4.26.0.RELEASE\plugins\jakarta.inject.jakarta.inject-api_1.0.5.jar
2025-02-11 13:21:44,457 [Worker-8: Launching CampwithUs] INFO  o.eclipse.m2e.core.internal.Bundles - getClasspathEntries(Bundle=jakarta.annotation-api_1.3.5 [41])
2025-02-11 13:21:44,457 [Worker-8: Launching CampwithUs] INFO  o.eclipse.m2e.core.internal.Bundles - 	Entry: E:\Advanced JAVA Notes\sts-4.26.0.RELEASE\plugins\jakarta.annotation-api_1.3.5.jar
2025-02-11 13:21:44,457 [Worker-8: Launching CampwithUs] INFO  o.eclipse.m2e.core.internal.Bundles - getClasspathEntries(Bundle=org.apache.commons.cli_1.9.0 [77])
2025-02-11 13:21:44,458 [Worker-8: Launching CampwithUs] INFO  o.eclipse.m2e.core.internal.Bundles - 	Entry: E:\Advanced JAVA Notes\sts-4.26.0.RELEASE\plugins\org.apache.commons.cli_1.9.0.jar
2025-02-11 13:21:44,458 [Worker-8: Launching CampwithUs] INFO  o.eclipse.m2e.core.internal.Bundles - getClasspathEntries(Bundle=org.apache.commons.commons-codec_1.16.0 [80])
2025-02-11 13:21:44,459 [Worker-8: Launching CampwithUs] INFO  o.eclipse.m2e.core.internal.Bundles - 	Entry: E:\Advanced JAVA Notes\sts-4.26.0.RELEASE\plugins\org.apache.commons.commons-codec_1.16.0.jar
2025-02-11 13:21:44,459 [Worker-8: Launching CampwithUs] INFO  o.eclipse.m2e.core.internal.Bundles - getClasspathEntries(Bundle=com.google.guava.failureaccess_1.0.2 [30])
2025-02-11 13:21:44,459 [Worker-8: Launching CampwithUs] INFO  o.eclipse.m2e.core.internal.Bundles - 	Entry: E:\Advanced JAVA Notes\sts-4.26.0.RELEASE\plugins\com.google.guava.failureaccess_1.0.2.jar
2025-02-11 13:21:44,466 [Worker-8: Launching CampwithUs] INFO  o.e.m.i.launch.MavenLaunchDelegate - Run build in "C:\Users\HP\Desktop\FinalBackEnd\CampwithUs":
2025-02-11 13:21:44,486 [Worker-8: Launching CampwithUs] INFO  o.e.m.i.launch.MavenLaunchDelegate -  mvn  -B -Dmaven.test.skip=true -DskipTests -Dstyle.color=always clean package
2025-02-11 13:22:30,202 [Worker-0: Updating Maven Project] INFO  o.e.m.c.i.p.ProjectConfigurationManager - Update started
2025-02-11 13:22:31,525 [Worker-0: Updating Maven Project] INFO  o.e.m.c.i.l.LifecycleMappingFactory - Using org.eclipse.m2e.jdt.JarLifecycleMapping lifecycle mapping for MavenProject: com.Campwithus:CampwithUs:0.0.1-SNAPSHOT @ C:\Users\HP\Desktop\FinalBackEnd\CampwithUs\pom.xml.
2025-02-11 13:22:34,695 [Worker-0: Updating Maven Project] INFO  o.e.m.j.i.AbstractJavaProjectConfigurator - Adding source folder /CampwithUs/src/main/java
2025-02-11 13:22:34,699 [Worker-0: Updating Maven Project] INFO  o.e.m.j.i.AbstractJavaProjectConfigurator - Adding resource folder /CampwithUs/src/main/resources
2025-02-11 13:22:34,701 [Worker-0: Updating Maven Project] INFO  o.e.m.j.i.AbstractJavaProjectConfigurator - Adding resource folder /CampwithUs/src/main/resources
2025-02-11 13:22:34,703 [Worker-0: Updating Maven Project] INFO  o.e.m.j.i.AbstractJavaProjectConfigurator - Adding source folder /CampwithUs/src/test/java
2025-02-11 13:22:34,705 [Worker-0: Updating Maven Project] INFO  o.e.m.j.i.AbstractJavaProjectConfigurator - Adding resource folder /CampwithUs/src/test/resources
2025-02-11 13:22:36,179 [Worker-0: Updating Maven Project] INFO  o.e.m.c.i.p.ProjectConfigurationManager - Update completed for 1 poms: local refresh takes 0.00 sec, refresh facades takes 4.00 sec, update config takes 1.00 sec 
2025-02-11 13:22:38,243 [Worker-8: Building] INFO  o.a.m.s.f.DefaultMavenResourcesFiltering - Copying 1 resource from src\main\resources to target\classes
2025-02-11 13:22:38,311 [Worker-8: Building] INFO  o.a.m.s.f.DefaultMavenResourcesFiltering - Copying 0 resource from src\main\resources to target\classes
2025-02-11 13:22:38,333 [Worker-8: Building] INFO  o.a.m.s.f.DefaultMavenResourcesFiltering - skip non existing resourceDirectory C:\Users\HP\Desktop\FinalBackEnd\CampwithUs\src\test\resources
2025-02-11 14:55:53,986 [Worker-4: Loading available Gradle versions] INFO  o.e.b.c.i.u.g.PublishedGradleVersions - Gradle version information cache is up-to-date. Trying to read.
